warning: profiles for the non root package will be ignored, specify profiles at the workspace root:
package:   /Users/drmac/RustroverProjects/khodpay-wallet/crates/flutter_bridge/Cargo.toml
workspace: /Users/drmac/RustroverProjects/khodpay-wallet/Cargo.toml
    Blocking waiting for file lock on package cache
    Blocking waiting for file lock on package cache
    Blocking waiting for file lock on package cache
    Blocking waiting for file lock on package cache
    Blocking waiting for file lock on artifact directory
   Compiling gmp-mpfr-sys v1.7.1
   Compiling hmac v0.12.1
   Compiling sha2 v0.10.9
   Compiling signature v2.2.0
   Compiling elliptic-curve v0.13.8
   Compiling udigest v0.2.4
   Compiling secp256k1-sys v0.10.1
   Compiling tracing v0.1.44
   Compiling bytemuck v1.25.2
   Compiling bip39 v2.2.0
   Compiling thiserror v2.0.20
   Compiling phantom-type v0.3.1
   Compiling rug v1.30.0
   Compiling futures-executor v0.3.34
   Compiling smallvec v1.15.1
   Compiling rfc6979 v0.4.0
   Compiling rand_hash v0.1.1
   Compiling gimli v0.32.3
   Compiling adler2 v2.0.1
   Compiling bytes v1.11.0
   Compiling ecdsa v0.16.9
   Compiling static_assertions v1.1.0
   Compiling scopeguard v1.2.0
   Compiling lock_api v0.4.14
   Compiling serde_json v1.0.145
   Compiling miniz_oxide v0.8.9
   Compiling khodpay-bip39 v0.4.0 (/Users/drmac/RustroverProjects/khodpay-wallet/crates/bip39)
   Compiling parking_lot_core v0.9.12
   Compiling anyhow v1.0.100
   Compiling k256 v0.13.4
   Compiling round-based v0.4.1
   Compiling secp256k1 v0.29.1
   Compiling generic-ec-curves v0.2.4
   Compiling generic-ec v0.4.5
   Compiling addr2line v0.25.1
   Compiling fast-paillier v0.1.1
   Compiling rlp v0.5.2
   Compiling futures v0.3.34
   Compiling bs58 v0.5.1
   Compiling getrandom v0.4.3
   Compiling serde_with v3.22.0
   Compiling generic-ec-zkp v0.4.4
   Compiling object v0.37.3
   Compiling crunchy v0.2.4
   Compiling ripemd v0.1.3
   Compiling key-share v0.6.1
   Compiling keccak v0.1.5
   Compiling hashbrown v0.14.5
   Compiling itoa v1.0.15
   Compiling rustc-demangle v0.1.26
   Compiling ryu v1.0.20
   Compiling portable-atomic v1.11.1
   Compiling cggmp21-keygen v0.5.0
   Compiling sha3 v0.10.8
   Compiling khodpay-bip32 v0.2.0 (/Users/drmac/RustroverProjects/khodpay-wallet/crates/bip32)
   Compiling backtrace v0.3.76
   Compiling dashmap v5.5.3
   Compiling dart-sys v4.1.5
   Compiling oslog v0.2.0
   Compiling paillier-zk v0.4.3
   Compiling uint v0.9.5
   Compiling impl-rlp v0.3.0
   Compiling fixed-hash v0.8.0
   Compiling num_cpus v1.17.0
   Compiling atomic v0.5.3
   Compiling log v0.4.28
   Compiling uuid v1.26.0
   Compiling primitive-types v0.12.2
   Compiling cggmp21 v0.6.3
   Compiling allo-isolate v0.1.27
   Compiling threadpool v1.8.1
   Compiling khodpay-bip44 v0.1.0 (/Users/drmac/RustroverProjects/khodpay-wallet/crates/bip44)
   Compiling flutter_rust_bridge v2.11.1
   Compiling tokio v1.48.0
   Compiling lazy_static v1.5.0
   Compiling khodpay-signing v0.2.0 (/Users/drmac/RustroverProjects/khodpay-wallet/crates/khodpay-signing)
   Compiling khodpay-mpc-tss v0.1.0 (/Users/drmac/RustroverProjects/khodpay-wallet/crates/mpc-tss)
   Compiling khodpay-flutter-bridge v0.1.0 (/Users/drmac/RustroverProjects/khodpay-wallet/crates/flutter_bridge)
warning: unexpected `cfg` condition name: `frb_expand`
  --> crates/flutter_bridge/src/bridge.rs:47:1
   |
47 | #[frb]
   | ^^^^^^
   |
   = help: expected names are: `docsrs`, `feature`, and `test` and 31 more
   = note: using a cfg inside a attribute macro will use the cfgs from the destination crate and not the ones from the defining crate
   = help: try referring to `frb` crate for guidance on how handle this unexpected cfg
   = help: the attribute macro `frb` may come from an old version of the `flutter_rust_bridge_macros` crate, try updating your dependency with `cargo update -p flutter_rust_bridge_macros`
   = note: see <https://doc.rust-lang.org/nightly/rustc/check-cfg/cargo-specifics.html> for more information about checking conditional configuration
   = note: `#[warn(unexpected_cfgs)]` on by default
   = note: this warning originates in the attribute macro `frb` (in Nightly builds, run with -Z macro-backtrace for more info)

warning: unexpected `cfg` condition name: `frb_expand`
  --> crates/flutter_bridge/src/bridge.rs:73:1
   |
73 | #[frb]
   | ^^^^^^
   |
   = note: using a cfg inside a attribute macro will use the cfgs from the destination crate and not the ones from the defining crate
   = help: try referring to `frb` crate for guidance on how handle this unexpected cfg
   = help: the attribute macro `frb` may come from an old version of the `flutter_rust_bridge_macros` crate, try updating your dependency with `cargo update -p flutter_rust_bridge_macros`
   = note: see <https://doc.rust-lang.org/nightly/rustc/check-cfg/cargo-specifics.html> for more information about checking conditional configuration
   = note: this warning originates in the attribute macro `frb` (in Nightly builds, run with -Z macro-backtrace for more info)

warning: unexpected `cfg` condition name: `frb_expand`
   --> crates/flutter_bridge/src/bridge.rs:106:1
    |
106 | #[frb]
    | ^^^^^^
    |
    = note: using a cfg inside a attribute macro will use the cfgs from the destination crate and not the ones from the defining crate
    = help: try referring to `frb` crate for guidance on how handle this unexpected cfg
    = help: the attribute macro `frb` may come from an old version of the `flutter_rust_bridge_macros` crate, try updating your dependency with `cargo update -p flutter_rust_bridge_macros`
    = note: see <https://doc.rust-lang.org/nightly/rustc/check-cfg/cargo-specifics.html> for more information about checking conditional configuration
    = note: this warning originates in the attribute macro `frb` (in Nightly builds, run with -Z macro-backtrace for more info)

warning: unexpected `cfg` condition name: `frb_expand`
   --> crates/flutter_bridge/src/bridge.rs:170:1
    |
170 | #[frb]
    | ^^^^^^
    |
    = note: using a cfg inside a attribute macro will use the cfgs from the destination crate and not the ones from the defining crate
    = help: try referring to `frb` crate for guidance on how handle this unexpected cfg
    = help: the attribute macro `frb` may come from an old version of the `flutter_rust_bridge_macros` crate, try updating your dependency with `cargo update -p flutter_rust_bridge_macros`
    = note: see <https://doc.rust-lang.org/nightly/rustc/check-cfg/cargo-specifics.html> for more information about checking conditional configuration
    = note: this warning originates in the attribute macro `frb` (in Nightly builds, run with -Z macro-backtrace for more info)

warning: unexpected `cfg` condition name: `frb_expand`
   --> crates/flutter_bridge/src/bridge.rs:197:1
    |
197 | #[frb]
    | ^^^^^^
    |
    = note: using a cfg inside a attribute macro will use the cfgs from the destination crate and not the ones from the defining crate
    = help: try referring to `frb` crate for guidance on how handle this unexpected cfg
    = help: the attribute macro `frb` may come from an old version of the `flutter_rust_bridge_macros` crate, try updating your dependency with `cargo update -p flutter_rust_bridge_macros`
    = note: see <https://doc.rust-lang.org/nightly/rustc/check-cfg/cargo-specifics.html> for more information about checking conditional configuration
    = note: this warning originates in the attribute macro `frb` (in Nightly builds, run with -Z macro-backtrace for more info)

warning: unexpected `cfg` condition name: `frb_expand`
   --> crates/flutter_bridge/src/bridge.rs:247:1
    |
247 | #[frb]
    | ^^^^^^
    |
    = note: using a cfg inside a attribute macro will use the cfgs from the destination crate and not the ones from the defining crate
    = help: try referring to `frb` crate for guidance on how handle this unexpected cfg
    = help: the attribute macro `frb` may come from an old version of the `flutter_rust_bridge_macros` crate, try updating your dependency with `cargo update -p flutter_rust_bridge_macros`
    = note: see <https://doc.rust-lang.org/nightly/rustc/check-cfg/cargo-specifics.html> for more information about checking conditional configuration
    = note: this warning originates in the attribute macro `frb` (in Nightly builds, run with -Z macro-backtrace for more info)

warning: unexpected `cfg` condition name: `frb_expand`
   --> crates/flutter_bridge/src/bridge.rs:254:1
    |
254 | #[frb]
    | ^^^^^^
    |
    = note: using a cfg inside a attribute macro will use the cfgs from the destination crate and not the ones from the defining crate
    = help: try referring to `frb` crate for guidance on how handle this unexpected cfg
    = help: the attribute macro `frb` may come from an old version of the `flutter_rust_bridge_macros` crate, try updating your dependency with `cargo update -p flutter_rust_bridge_macros`
    = note: see <https://doc.rust-lang.org/nightly/rustc/check-cfg/cargo-specifics.html> for more information about checking conditional configuration
    = note: this warning originates in the attribute macro `frb` (in Nightly builds, run with -Z macro-backtrace for more info)

warning: unexpected `cfg` condition name: `frb_expand`
   --> crates/flutter_bridge/src/bridge.rs:260:1
    |
260 | #[frb]
    | ^^^^^^
    |
    = note: using a cfg inside a attribute macro will use the cfgs from the destination crate and not the ones from the defining crate
    = help: try referring to `frb` crate for guidance on how handle this unexpected cfg
    = help: the attribute macro `frb` may come from an old version of the `flutter_rust_bridge_macros` crate, try updating your dependency with `cargo update -p flutter_rust_bridge_macros`
    = note: see <https://doc.rust-lang.org/nightly/rustc/check-cfg/cargo-specifics.html> for more information about checking conditional configuration
    = note: this warning originates in the attribute macro `frb` (in Nightly builds, run with -Z macro-backtrace for more info)

warning: unexpected `cfg` condition name: `frb_expand`
   --> crates/flutter_bridge/src/bridge.rs:267:1
    |
267 | #[frb]
    | ^^^^^^
    |
    = note: using a cfg inside a attribute macro will use the cfgs from the destination crate and not the ones from the defining crate
    = help: try referring to `frb` crate for guidance on how handle this unexpected cfg
    = help: the attribute macro `frb` may come from an old version of the `flutter_rust_bridge_macros` crate, try updating your dependency with `cargo update -p flutter_rust_bridge_macros`
    = note: see <https://doc.rust-lang.org/nightly/rustc/check-cfg/cargo-specifics.html> for more information about checking conditional configuration
    = note: this warning originates in the attribute macro `frb` (in Nightly builds, run with -Z macro-backtrace for more info)

warning: unexpected `cfg` condition name: `frb_expand`
   --> crates/flutter_bridge/src/bridge.rs:280:1
    |
280 | #[frb]
    | ^^^^^^
    |
    = note: using a cfg inside a attribute macro will use the cfgs from the destination crate and not the ones from the defining crate
    = help: try referring to `frb` crate for guidance on how handle this unexpected cfg
    = help: the attribute macro `frb` may come from an old version of the `flutter_rust_bridge_macros` crate, try updating your dependency with `cargo update -p flutter_rust_bridge_macros`
    = note: see <https://doc.rust-lang.org/nightly/rustc/check-cfg/cargo-specifics.html> for more information about checking conditional configuration
    = note: this warning originates in the attribute macro `frb` (in Nightly builds, run with -Z macro-backtrace for more info)

warning: unexpected `cfg` condition name: `frb_expand`
   --> crates/flutter_bridge/src/bridge.rs:285:1
    |
285 | #[frb]
    | ^^^^^^
    |
    = note: using a cfg inside a attribute macro will use the cfgs from the destination crate and not the ones from the defining crate
    = help: try referring to `frb` crate for guidance on how handle this unexpected cfg
    = help: the attribute macro `frb` may come from an old version of the `flutter_rust_bridge_macros` crate, try updating your dependency with `cargo update -p flutter_rust_bridge_macros`
    = note: see <https://doc.rust-lang.org/nightly/rustc/check-cfg/cargo-specifics.html> for more information about checking conditional configuration
    = note: this warning originates in the attribute macro `frb` (in Nightly builds, run with -Z macro-backtrace for more info)

warning: unexpected `cfg` condition name: `frb_expand`
   --> crates/flutter_bridge/src/bridge.rs:342:1
    |
342 | #[frb]
    | ^^^^^^
    |
    = note: using a cfg inside a attribute macro will use the cfgs from the destination crate and not the ones from the defining crate
    = help: try referring to `frb` crate for guidance on how handle this unexpected cfg
    = help: the attribute macro `frb` may come from an old version of the `flutter_rust_bridge_macros` crate, try updating your dependency with `cargo update -p flutter_rust_bridge_macros`
    = note: see <https://doc.rust-lang.org/nightly/rustc/check-cfg/cargo-specifics.html> for more information about checking conditional configuration
    = note: this warning originates in the attribute macro `frb` (in Nightly builds, run with -Z macro-backtrace for more info)

warning: unexpected `cfg` condition name: `frb_expand`
   --> crates/flutter_bridge/src/bridge.rs:347:1
    |
347 | #[frb]
    | ^^^^^^
    |
    = note: using a cfg inside a attribute macro will use the cfgs from the destination crate and not the ones from the defining crate
    = help: try referring to `frb` crate for guidance on how handle this unexpected cfg
    = help: the attribute macro `frb` may come from an old version of the `flutter_rust_bridge_macros` crate, try updating your dependency with `cargo update -p flutter_rust_bridge_macros`
    = note: see <https://doc.rust-lang.org/nightly/rustc/check-cfg/cargo-specifics.html> for more information about checking conditional configuration
    = note: this warning originates in the attribute macro `frb` (in Nightly builds, run with -Z macro-backtrace for more info)

warning: unexpected `cfg` condition name: `frb_expand`
   --> crates/flutter_bridge/src/bridge.rs:466:1
    |
466 | #[frb]
    | ^^^^^^
    |
    = note: using a cfg inside a attribute macro will use the cfgs from the destination crate and not the ones from the defining crate
    = help: try referring to `frb` crate for guidance on how handle this unexpected cfg
    = help: the attribute macro `frb` may come from an old version of the `flutter_rust_bridge_macros` crate, try updating your dependency with `cargo update -p flutter_rust_bridge_macros`
    = note: see <https://doc.rust-lang.org/nightly/rustc/check-cfg/cargo-specifics.html> for more information about checking conditional configuration
    = note: this warning originates in the attribute macro `frb` (in Nightly builds, run with -Z macro-backtrace for more info)

warning: unexpected `cfg` condition name: `frb_expand`
   --> crates/flutter_bridge/src/bridge.rs:471:1
    |
471 | #[frb]
    | ^^^^^^
    |
    = note: using a cfg inside a attribute macro will use the cfgs from the destination crate and not the ones from the defining crate
    = help: try referring to `frb` crate for guidance on how handle this unexpected cfg
    = help: the attribute macro `frb` may come from an old version of the `flutter_rust_bridge_macros` crate, try updating your dependency with `cargo update -p flutter_rust_bridge_macros`
    = note: see <https://doc.rust-lang.org/nightly/rustc/check-cfg/cargo-specifics.html> for more information about checking conditional configuration
    = note: this warning originates in the attribute macro `frb` (in Nightly builds, run with -Z macro-backtrace for more info)

warning: unexpected `cfg` condition name: `frb_expand`
   --> crates/flutter_bridge/src/bridge.rs:553:1
    |
553 | #[frb]
    | ^^^^^^
    |
    = note: using a cfg inside a attribute macro will use the cfgs from the destination crate and not the ones from the defining crate
    = help: try referring to `frb` crate for guidance on how handle this unexpected cfg
    = help: the attribute macro `frb` may come from an old version of the `flutter_rust_bridge_macros` crate, try updating your dependency with `cargo update -p flutter_rust_bridge_macros`
    = note: see <https://doc.rust-lang.org/nightly/rustc/check-cfg/cargo-specifics.html> for more information about checking conditional configuration
    = note: this warning originates in the attribute macro `frb` (in Nightly builds, run with -Z macro-backtrace for more info)

warning: unexpected `cfg` condition name: `frb_expand`
   --> crates/flutter_bridge/src/bridge.rs:558:1
    |
558 | #[frb]
    | ^^^^^^
    |
    = note: using a cfg inside a attribute macro will use the cfgs from the destination crate and not the ones from the defining crate
    = help: try referring to `frb` crate for guidance on how handle this unexpected cfg
    = help: the attribute macro `frb` may come from an old version of the `flutter_rust_bridge_macros` crate, try updating your dependency with `cargo update -p flutter_rust_bridge_macros`
    = note: see <https://doc.rust-lang.org/nightly/rustc/check-cfg/cargo-specifics.html> for more information about checking conditional configuration
    = note: this warning originates in the attribute macro `frb` (in Nightly builds, run with -Z macro-backtrace for more info)

warning: unexpected `cfg` condition name: `frb_expand`
   --> crates/flutter_bridge/src/bridge.rs:612:1
    |
612 | #[frb]
    | ^^^^^^
    |
    = note: using a cfg inside a attribute macro will use the cfgs from the destination crate and not the ones from the defining crate
    = help: try referring to `frb` crate for guidance on how handle this unexpected cfg
    = help: the attribute macro `frb` may come from an old version of the `flutter_rust_bridge_macros` crate, try updating your dependency with `cargo update -p flutter_rust_bridge_macros`
    = note: see <https://doc.rust-lang.org/nightly/rustc/check-cfg/cargo-specifics.html> for more information about checking conditional configuration
    = note: this warning originates in the attribute macro `frb` (in Nightly builds, run with -Z macro-backtrace for more info)

warning: unexpected `cfg` condition name: `frb_expand`
   --> crates/flutter_bridge/src/bridge.rs:617:1
    |
617 | #[frb]
    | ^^^^^^
    |
    = note: using a cfg inside a attribute macro will use the cfgs from the destination crate and not the ones from the defining crate
    = help: try referring to `frb` crate for guidance on how handle this unexpected cfg
    = help: the attribute macro `frb` may come from an old version of the `flutter_rust_bridge_macros` crate, try updating your dependency with `cargo update -p flutter_rust_bridge_macros`
    = note: see <https://doc.rust-lang.org/nightly/rustc/check-cfg/cargo-specifics.html> for more information about checking conditional configuration
    = note: this warning originates in the attribute macro `frb` (in Nightly builds, run with -Z macro-backtrace for more info)

warning: unexpected `cfg` condition name: `frb_expand`
   --> crates/flutter_bridge/src/bridge.rs:760:1
    |
760 | #[frb]
    | ^^^^^^
    |
    = note: using a cfg inside a attribute macro will use the cfgs from the destination crate and not the ones from the defining crate
    = help: try referring to `frb` crate for guidance on how handle this unexpected cfg
    = help: the attribute macro `frb` may come from an old version of the `flutter_rust_bridge_macros` crate, try updating your dependency with `cargo update -p flutter_rust_bridge_macros`
    = note: see <https://doc.rust-lang.org/nightly/rustc/check-cfg/cargo-specifics.html> for more information about checking conditional configuration
    = note: this warning originates in the attribute macro `frb` (in Nightly builds, run with -Z macro-backtrace for more info)

warning: unexpected `cfg` condition name: `frb_expand`
   --> crates/flutter_bridge/src/bridge.rs:765:1
    |
765 | #[frb]
    | ^^^^^^
    |
    = note: using a cfg inside a attribute macro will use the cfgs from the destination crate and not the ones from the defining crate
    = help: try referring to `frb` crate for guidance on how handle this unexpected cfg
    = help: the attribute macro `frb` may come from an old version of the `flutter_rust_bridge_macros` crate, try updating your dependency with `cargo update -p flutter_rust_bridge_macros`
    = note: see <https://doc.rust-lang.org/nightly/rustc/check-cfg/cargo-specifics.html> for more information about checking conditional configuration
    = note: this warning originates in the attribute macro `frb` (in Nightly builds, run with -Z macro-backtrace for more info)

warning: unexpected `cfg` condition name: `frb_expand`
   --> crates/flutter_bridge/src/bridge.rs:834:1
    |
834 | #[frb]
    | ^^^^^^
    |
    = note: using a cfg inside a attribute macro will use the cfgs from the destination crate and not the ones from the defining crate
    = help: try referring to `frb` crate for guidance on how handle this unexpected cfg
    = help: the attribute macro `frb` may come from an old version of the `flutter_rust_bridge_macros` crate, try updating your dependency with `cargo update -p flutter_rust_bridge_macros`
    = note: see <https://doc.rust-lang.org/nightly/rustc/check-cfg/cargo-specifics.html> for more information about checking conditional configuration
    = note: this warning originates in the attribute macro `frb` (in Nightly builds, run with -Z macro-backtrace for more info)

warning: unexpected `cfg` condition name: `frb_expand`
   --> crates/flutter_bridge/src/bridge.rs:840:1
    |
840 | #[frb]
    | ^^^^^^
    |
    = note: using a cfg inside a attribute macro will use the cfgs from the destination crate and not the ones from the defining crate
    = help: try referring to `frb` crate for guidance on how handle this unexpected cfg
    = help: the attribute macro `frb` may come from an old version of the `flutter_rust_bridge_macros` crate, try updating your dependency with `cargo update -p flutter_rust_bridge_macros`
    = note: see <https://doc.rust-lang.org/nightly/rustc/check-cfg/cargo-specifics.html> for more information about checking conditional configuration
    = note: this warning originates in the attribute macro `frb` (in Nightly builds, run with -Z macro-backtrace for more info)

warning: unexpected `cfg` condition name: `frb_expand`
   --> crates/flutter_bridge/src/bridge.rs:951:1
    |
951 | #[frb]
    | ^^^^^^
    |
    = note: using a cfg inside a attribute macro will use the cfgs from the destination crate and not the ones from the defining crate
    = help: try referring to `frb` crate for guidance on how handle this unexpected cfg
    = help: the attribute macro `frb` may come from an old version of the `flutter_rust_bridge_macros` crate, try updating your dependency with `cargo update -p flutter_rust_bridge_macros`
    = note: see <https://doc.rust-lang.org/nightly/rustc/check-cfg/cargo-specifics.html> for more information about checking conditional configuration
    = note: this warning originates in the attribute macro `frb` (in Nightly builds, run with -Z macro-backtrace for more info)

warning: unexpected `cfg` condition name: `frb_expand`
   --> crates/flutter_bridge/src/bridge.rs:962:1
    |
962 | #[frb]
    | ^^^^^^
    |
    = note: using a cfg inside a attribute macro will use the cfgs from the destination crate and not the ones from the defining crate
    = help: try referring to `frb` crate for guidance on how handle this unexpected cfg
    = help: the attribute macro `frb` may come from an old version of the `flutter_rust_bridge_macros` crate, try updating your dependency with `cargo update -p flutter_rust_bridge_macros`
    = note: see <https://doc.rust-lang.org/nightly/rustc/check-cfg/cargo-specifics.html> for more information about checking conditional configuration
    = note: this warning originates in the attribute macro `frb` (in Nightly builds, run with -Z macro-backtrace for more info)

warning: unexpected `cfg` condition name: `frb_expand`
    --> crates/flutter_bridge/src/bridge.rs:1037:1
     |
1037 | #[frb]
     | ^^^^^^
     |
     = note: using a cfg inside a attribute macro will use the cfgs from the destination crate and not the ones from the defining crate
     = help: try referring to `frb` crate for guidance on how handle this unexpected cfg
     = help: the attribute macro `frb` may come from an old version of the `flutter_rust_bridge_macros` crate, try updating your dependency with `cargo update -p flutter_rust_bridge_macros`
     = note: see <https://doc.rust-lang.org/nightly/rustc/check-cfg/cargo-specifics.html> for more information about checking conditional configuration
     = note: this warning originates in the attribute macro `frb` (in Nightly builds, run with -Z macro-backtrace for more info)

warning: unexpected `cfg` condition name: `frb_expand`
    --> crates/flutter_bridge/src/bridge.rs:1058:1
     |
1058 | #[frb]
     | ^^^^^^
     |
     = note: using a cfg inside a attribute macro will use the cfgs from the destination crate and not the ones from the defining crate
     = help: try referring to `frb` crate for guidance on how handle this unexpected cfg
     = help: the attribute macro `frb` may come from an old version of the `flutter_rust_bridge_macros` crate, try updating your dependency with `cargo update -p flutter_rust_bridge_macros`
     = note: see <https://doc.rust-lang.org/nightly/rustc/check-cfg/cargo-specifics.html> for more information about checking conditional configuration
     = note: this warning originates in the attribute macro `frb` (in Nightly builds, run with -Z macro-backtrace for more info)

warning: unexpected `cfg` condition name: `frb_expand`
    --> crates/flutter_bridge/src/bridge.rs:1142:1
     |
1142 | #[frb]
     | ^^^^^^
     |
     = note: using a cfg inside a attribute macro will use the cfgs from the destination crate and not the ones from the defining crate
     = help: try referring to `frb` crate for guidance on how handle this unexpected cfg
     = help: the attribute macro `frb` may come from an old version of the `flutter_rust_bridge_macros` crate, try updating your dependency with `cargo update -p flutter_rust_bridge_macros`
     = note: see <https://doc.rust-lang.org/nightly/rustc/check-cfg/cargo-specifics.html> for more information about checking conditional configuration
     = note: this warning originates in the attribute macro `frb` (in Nightly builds, run with -Z macro-backtrace for more info)

warning: unexpected `cfg` condition name: `frb_expand`
    --> crates/flutter_bridge/src/bridge.rs:1155:1
     |
1155 | #[frb]
     | ^^^^^^
     |
     = note: using a cfg inside a attribute macro will use the cfgs from the destination crate and not the ones from the defining crate
     = help: try referring to `frb` crate for guidance on how handle this unexpected cfg
     = help: the attribute macro `frb` may come from an old version of the `flutter_rust_bridge_macros` crate, try updating your dependency with `cargo update -p flutter_rust_bridge_macros`
     = note: see <https://doc.rust-lang.org/nightly/rustc/check-cfg/cargo-specifics.html> for more information about checking conditional configuration
     = note: this warning originates in the attribute macro `frb` (in Nightly builds, run with -Z macro-backtrace for more info)

warning: unexpected `cfg` condition name: `frb_expand`
    --> crates/flutter_bridge/src/bridge.rs:1209:1
     |
1209 | #[frb]
     | ^^^^^^
     |
     = note: using a cfg inside a attribute macro will use the cfgs from the destination crate and not the ones from the defining crate
     = help: try referring to `frb` crate for guidance on how handle this unexpected cfg
     = help: the attribute macro `frb` may come from an old version of the `flutter_rust_bridge_macros` crate, try updating your dependency with `cargo update -p flutter_rust_bridge_macros`
     = note: see <https://doc.rust-lang.org/nightly/rustc/check-cfg/cargo-specifics.html> for more information about checking conditional configuration
     = note: this warning originates in the attribute macro `frb` (in Nightly builds, run with -Z macro-backtrace for more info)

warning: unexpected `cfg` condition name: `frb_expand`
    --> crates/flutter_bridge/src/bridge.rs:1218:1
     |
1218 | #[frb]
     | ^^^^^^
     |
     = note: using a cfg inside a attribute macro will use the cfgs from the destination crate and not the ones from the defining crate
     = help: try referring to `frb` crate for guidance on how handle this unexpected cfg
     = help: the attribute macro `frb` may come from an old version of the `flutter_rust_bridge_macros` crate, try updating your dependency with `cargo update -p flutter_rust_bridge_macros`
     = note: see <https://doc.rust-lang.org/nightly/rustc/check-cfg/cargo-specifics.html> for more information about checking conditional configuration
     = note: this warning originates in the attribute macro `frb` (in Nightly builds, run with -Z macro-backtrace for more info)

warning: unexpected `cfg` condition name: `frb_expand`
    --> crates/flutter_bridge/src/bridge.rs:1268:1
     |
1268 | #[frb]
     | ^^^^^^
     |
     = note: using a cfg inside a attribute macro will use the cfgs from the destination crate and not the ones from the defining crate
     = help: try referring to `frb` crate for guidance on how handle this unexpected cfg
     = help: the attribute macro `frb` may come from an old version of the `flutter_rust_bridge_macros` crate, try updating your dependency with `cargo update -p flutter_rust_bridge_macros`
     = note: see <https://doc.rust-lang.org/nightly/rustc/check-cfg/cargo-specifics.html> for more information about checking conditional configuration
     = note: this warning originates in the attribute macro `frb` (in Nightly builds, run with -Z macro-backtrace for more info)

warning: unexpected `cfg` condition name: `frb_expand`
    --> crates/flutter_bridge/src/bridge.rs:1273:1
     |
1273 | #[frb]
     | ^^^^^^
     |
     = note: using a cfg inside a attribute macro will use the cfgs from the destination crate and not the ones from the defining crate
     = help: try referring to `frb` crate for guidance on how handle this unexpected cfg
     = help: the attribute macro `frb` may come from an old version of the `flutter_rust_bridge_macros` crate, try updating your dependency with `cargo update -p flutter_rust_bridge_macros`
     = note: see <https://doc.rust-lang.org/nightly/rustc/check-cfg/cargo-specifics.html> for more information about checking conditional configuration
     = note: this warning originates in the attribute macro `frb` (in Nightly builds, run with -Z macro-backtrace for more info)

warning: unexpected `cfg` condition name: `frb_expand`
    --> crates/flutter_bridge/src/bridge.rs:1358:1
     |
1358 | #[frb]
     | ^^^^^^
     |
     = note: using a cfg inside a attribute macro will use the cfgs from the destination crate and not the ones from the defining crate
     = help: try referring to `frb` crate for guidance on how handle this unexpected cfg
     = help: the attribute macro `frb` may come from an old version of the `flutter_rust_bridge_macros` crate, try updating your dependency with `cargo update -p flutter_rust_bridge_macros`
     = note: see <https://doc.rust-lang.org/nightly/rustc/check-cfg/cargo-specifics.html> for more information about checking conditional configuration
     = note: this warning originates in the attribute macro `frb` (in Nightly builds, run with -Z macro-backtrace for more info)

warning: unexpected `cfg` condition name: `frb_expand`
    --> crates/flutter_bridge/src/bridge.rs:1367:1
     |
1367 | #[frb]
     | ^^^^^^
     |
     = note: using a cfg inside a attribute macro will use the cfgs from the destination crate and not the ones from the defining crate
     = help: try referring to `frb` crate for guidance on how handle this unexpected cfg
     = help: the attribute macro `frb` may come from an old version of the `flutter_rust_bridge_macros` crate, try updating your dependency with `cargo update -p flutter_rust_bridge_macros`
     = note: see <https://doc.rust-lang.org/nightly/rustc/check-cfg/cargo-specifics.html> for more information about checking conditional configuration
     = note: this warning originates in the attribute macro `frb` (in Nightly builds, run with -Z macro-backtrace for more info)

warning: unexpected `cfg` condition name: `frb_expand`
    --> crates/flutter_bridge/src/bridge.rs:1393:1
     |
1393 | #[frb]
     | ^^^^^^
     |
     = note: using a cfg inside a attribute macro will use the cfgs from the destination crate and not the ones from the defining crate
     = help: try referring to `frb` crate for guidance on how handle this unexpected cfg
     = help: the attribute macro `frb` may come from an old version of the `flutter_rust_bridge_macros` crate, try updating your dependency with `cargo update -p flutter_rust_bridge_macros`
     = note: see <https://doc.rust-lang.org/nightly/rustc/check-cfg/cargo-specifics.html> for more information about checking conditional configuration
     = note: this warning originates in the attribute macro `frb` (in Nightly builds, run with -Z macro-backtrace for more info)

warning: unexpected `cfg` condition name: `frb_expand`
    --> crates/flutter_bridge/src/bridge.rs:1413:1
     |
1413 | #[frb]
     | ^^^^^^
     |
     = note: using a cfg inside a attribute macro will use the cfgs from the destination crate and not the ones from the defining crate
     = help: try referring to `frb` crate for guidance on how handle this unexpected cfg
     = help: the attribute macro `frb` may come from an old version of the `flutter_rust_bridge_macros` crate, try updating your dependency with `cargo update -p flutter_rust_bridge_macros`
     = note: see <https://doc.rust-lang.org/nightly/rustc/check-cfg/cargo-specifics.html> for more information about checking conditional configuration
     = note: this warning originates in the attribute macro `frb` (in Nightly builds, run with -Z macro-backtrace for more info)

warning: unexpected `cfg` condition name: `frb_expand`
    --> crates/flutter_bridge/src/bridge.rs:1421:1
     |
1421 | #[frb]
     | ^^^^^^
     |
     = note: using a cfg inside a attribute macro will use the cfgs from the destination crate and not the ones from the defining crate
     = help: try referring to `frb` crate for guidance on how handle this unexpected cfg
     = help: the attribute macro `frb` may come from an old version of the `flutter_rust_bridge_macros` crate, try updating your dependency with `cargo update -p flutter_rust_bridge_macros`
     = note: see <https://doc.rust-lang.org/nightly/rustc/check-cfg/cargo-specifics.html> for more information about checking conditional configuration
     = note: this warning originates in the attribute macro `frb` (in Nightly builds, run with -Z macro-backtrace for more info)

warning: unexpected `cfg` condition name: `frb_expand`
    --> crates/flutter_bridge/src/bridge.rs:1427:1
     |
1427 | #[frb(name = "mnemonicPhraseToSeedHex")]
     | ^^^^^^^^^^^^^^^^^^^^^^^^^^^^^^^^^^^^^^^^
     |
     = note: using a cfg inside a attribute macro will use the cfgs from the destination crate and not the ones from the defining crate
     = help: try referring to `frb` crate for guidance on how handle this unexpected cfg
     = help: the attribute macro `frb` may come from an old version of the `flutter_rust_bridge_macros` crate, try updating your dependency with `cargo update -p flutter_rust_bridge_macros`
     = note: see <https://doc.rust-lang.org/nightly/rustc/check-cfg/cargo-specifics.html> for more information about checking conditional configuration
     = note: this warning originates in the attribute macro `frb` (in Nightly builds, run with -Z macro-backtrace for more info)

warning: unexpected `cfg` condition name: `frb_expand`
    --> crates/flutter_bridge/src/bridge.rs:1441:1
     |
1441 | #[frb]
     | ^^^^^^
     |
     = note: using a cfg inside a attribute macro will use the cfgs from the destination crate and not the ones from the defining crate
     = help: try referring to `frb` crate for guidance on how handle this unexpected cfg
     = help: the attribute macro `frb` may come from an old version of the `flutter_rust_bridge_macros` crate, try updating your dependency with `cargo update -p flutter_rust_bridge_macros`
     = note: see <https://doc.rust-lang.org/nightly/rustc/check-cfg/cargo-specifics.html> for more information about checking conditional configuration
     = note: this warning originates in the attribute macro `frb` (in Nightly builds, run with -Z macro-backtrace for more info)

warning: unexpected `cfg` condition name: `frb_expand`
    --> crates/flutter_bridge/src/bridge.rs:1458:1
     |
1458 | #[frb]
     | ^^^^^^
     |
     = note: using a cfg inside a attribute macro will use the cfgs from the destination crate and not the ones from the defining crate
     = help: try referring to `frb` crate for guidance on how handle this unexpected cfg
     = help: the attribute macro `frb` may come from an old version of the `flutter_rust_bridge_macros` crate, try updating your dependency with `cargo update -p flutter_rust_bridge_macros`
     = note: see <https://doc.rust-lang.org/nightly/rustc/check-cfg/cargo-specifics.html> for more information about checking conditional configuration
     = note: this warning originates in the attribute macro `frb` (in Nightly builds, run with -Z macro-backtrace for more info)

warning: unexpected `cfg` condition name: `frb_expand`
    --> crates/flutter_bridge/src/bridge.rs:1474:1
     |
1474 | #[frb]
     | ^^^^^^
     |
     = note: using a cfg inside a attribute macro will use the cfgs from the destination crate and not the ones from the defining crate
     = help: try referring to `frb` crate for guidance on how handle this unexpected cfg
     = help: the attribute macro `frb` may come from an old version of the `flutter_rust_bridge_macros` crate, try updating your dependency with `cargo update -p flutter_rust_bridge_macros`
     = note: see <https://doc.rust-lang.org/nightly/rustc/check-cfg/cargo-specifics.html> for more information about checking conditional configuration
     = note: this warning originates in the attribute macro `frb` (in Nightly builds, run with -Z macro-backtrace for more info)

warning: unexpected `cfg` condition name: `frb_expand`
    --> crates/flutter_bridge/src/bridge.rs:1484:1
     |
1484 | #[frb]
     | ^^^^^^
     |
     = note: using a cfg inside a attribute macro will use the cfgs from the destination crate and not the ones from the defining crate
     = help: try referring to `frb` crate for guidance on how handle this unexpected cfg
     = help: the attribute macro `frb` may come from an old version of the `flutter_rust_bridge_macros` crate, try updating your dependency with `cargo update -p flutter_rust_bridge_macros`
     = note: see <https://doc.rust-lang.org/nightly/rustc/check-cfg/cargo-specifics.html> for more information about checking conditional configuration
     = note: this warning originates in the attribute macro `frb` (in Nightly builds, run with -Z macro-backtrace for more info)

warning: unexpected `cfg` condition name: `frb_expand`
    --> crates/flutter_bridge/src/bridge.rs:1504:1
     |
1504 | #[frb]
     | ^^^^^^
     |
     = note: using a cfg inside a attribute macro will use the cfgs from the destination crate and not the ones from the defining crate
     = help: try referring to `frb` crate for guidance on how handle this unexpected cfg
     = help: the attribute macro `frb` may come from an old version of the `flutter_rust_bridge_macros` crate, try updating your dependency with `cargo update -p flutter_rust_bridge_macros`
     = note: see <https://doc.rust-lang.org/nightly/rustc/check-cfg/cargo-specifics.html> for more information about checking conditional configuration
     = note: this warning originates in the attribute macro `frb` (in Nightly builds, run with -Z macro-backtrace for more info)

warning: unexpected `cfg` condition name: `frb_expand`
    --> crates/flutter_bridge/src/bridge.rs:1540:1
     |
1540 | #[frb]
     | ^^^^^^
     |
     = note: using a cfg inside a attribute macro will use the cfgs from the destination crate and not the ones from the defining crate
     = help: try referring to `frb` crate for guidance on how handle this unexpected cfg
     = help: the attribute macro `frb` may come from an old version of the `flutter_rust_bridge_macros` crate, try updating your dependency with `cargo update -p flutter_rust_bridge_macros`
     = note: see <https://doc.rust-lang.org/nightly/rustc/check-cfg/cargo-specifics.html> for more information about checking conditional configuration
     = note: this warning originates in the attribute macro `frb` (in Nightly builds, run with -Z macro-backtrace for more info)

warning: unexpected `cfg` condition name: `frb_expand`
    --> crates/flutter_bridge/src/bridge.rs:1564:1
     |
1564 | #[frb]
     | ^^^^^^
     |
     = note: using a cfg inside a attribute macro will use the cfgs from the destination crate and not the ones from the defining crate
     = help: try referring to `frb` crate for guidance on how handle this unexpected cfg
     = help: the attribute macro `frb` may come from an old version of the `flutter_rust_bridge_macros` crate, try updating your dependency with `cargo update -p flutter_rust_bridge_macros`
     = note: see <https://doc.rust-lang.org/nightly/rustc/check-cfg/cargo-specifics.html> for more information about checking conditional configuration
     = note: this warning originates in the attribute macro `frb` (in Nightly builds, run with -Z macro-backtrace for more info)

warning: unexpected `cfg` condition name: `frb_expand`
    --> crates/flutter_bridge/src/bridge.rs:1590:1
     |
1590 | #[frb]
     | ^^^^^^
     |
     = note: using a cfg inside a attribute macro will use the cfgs from the destination crate and not the ones from the defining crate
     = help: try referring to `frb` crate for guidance on how handle this unexpected cfg
     = help: the attribute macro `frb` may come from an old version of the `flutter_rust_bridge_macros` crate, try updating your dependency with `cargo update -p flutter_rust_bridge_macros`
     = note: see <https://doc.rust-lang.org/nightly/rustc/check-cfg/cargo-specifics.html> for more information about checking conditional configuration
     = note: this warning originates in the attribute macro `frb` (in Nightly builds, run with -Z macro-backtrace for more info)

warning: unexpected `cfg` condition name: `frb_expand`
    --> crates/flutter_bridge/src/bridge.rs:1616:1
     |
1616 | #[frb]
     | ^^^^^^
     |
     = note: using a cfg inside a attribute macro will use the cfgs from the destination crate and not the ones from the defining crate
     = help: try referring to `frb` crate for guidance on how handle this unexpected cfg
     = help: the attribute macro `frb` may come from an old version of the `flutter_rust_bridge_macros` crate, try updating your dependency with `cargo update -p flutter_rust_bridge_macros`
     = note: see <https://doc.rust-lang.org/nightly/rustc/check-cfg/cargo-specifics.html> for more information about checking conditional configuration
     = note: this warning originates in the attribute macro `frb` (in Nightly builds, run with -Z macro-backtrace for more info)

warning: unexpected `cfg` condition name: `frb_expand`
    --> crates/flutter_bridge/src/bridge.rs:1635:1
     |
1635 | #[frb]
     | ^^^^^^
     |
     = note: using a cfg inside a attribute macro will use the cfgs from the destination crate and not the ones from the defining crate
     = help: try referring to `frb` crate for guidance on how handle this unexpected cfg
     = help: the attribute macro `frb` may come from an old version of the `flutter_rust_bridge_macros` crate, try updating your dependency with `cargo update -p flutter_rust_bridge_macros`
     = note: see <https://doc.rust-lang.org/nightly/rustc/check-cfg/cargo-specifics.html> for more information about checking conditional configuration
     = note: this warning originates in the attribute macro `frb` (in Nightly builds, run with -Z macro-backtrace for more info)

warning: unexpected `cfg` condition name: `frb_expand`
    --> crates/flutter_bridge/src/bridge.rs:1658:1
     |
1658 | #[frb]
     | ^^^^^^
     |
     = note: using a cfg inside a attribute macro will use the cfgs from the destination crate and not the ones from the defining crate
     = help: try referring to `frb` crate for guidance on how handle this unexpected cfg
     = help: the attribute macro `frb` may come from an old version of the `flutter_rust_bridge_macros` crate, try updating your dependency with `cargo update -p flutter_rust_bridge_macros`
     = note: see <https://doc.rust-lang.org/nightly/rustc/check-cfg/cargo-specifics.html> for more information about checking conditional configuration
     = note: this warning originates in the attribute macro `frb` (in Nightly builds, run with -Z macro-backtrace for more info)

warning: unexpected `cfg` condition name: `frb_expand`
    --> crates/flutter_bridge/src/bridge.rs:1664:1
     |
1664 | #[frb]
     | ^^^^^^
     |
     = note: using a cfg inside a attribute macro will use the cfgs from the destination crate and not the ones from the defining crate
     = help: try referring to `frb` crate for guidance on how handle this unexpected cfg
     = help: the attribute macro `frb` may come from an old version of the `flutter_rust_bridge_macros` crate, try updating your dependency with `cargo update -p flutter_rust_bridge_macros`
     = note: see <https://doc.rust-lang.org/nightly/rustc/check-cfg/cargo-specifics.html> for more information about checking conditional configuration
     = note: this warning originates in the attribute macro `frb` (in Nightly builds, run with -Z macro-backtrace for more info)

warning: unexpected `cfg` condition name: `frb_expand`
    --> crates/flutter_bridge/src/bridge.rs:1670:1
     |
1670 | #[frb]
     | ^^^^^^
     |
     = note: using a cfg inside a attribute macro will use the cfgs from the destination crate and not the ones from the defining crate
     = help: try referring to `frb` crate for guidance on how handle this unexpected cfg
     = help: the attribute macro `frb` may come from an old version of the `flutter_rust_bridge_macros` crate, try updating your dependency with `cargo update -p flutter_rust_bridge_macros`
     = note: see <https://doc.rust-lang.org/nightly/rustc/check-cfg/cargo-specifics.html> for more information about checking conditional configuration
     = note: this warning originates in the attribute macro `frb` (in Nightly builds, run with -Z macro-backtrace for more info)

warning: unexpected `cfg` condition name: `frb_expand`
    --> crates/flutter_bridge/src/bridge.rs:1676:1
     |
1676 | #[frb]
     | ^^^^^^
     |
     = note: using a cfg inside a attribute macro will use the cfgs from the destination crate and not the ones from the defining crate
     = help: try referring to `frb` crate for guidance on how handle this unexpected cfg
     = help: the attribute macro `frb` may come from an old version of the `flutter_rust_bridge_macros` crate, try updating your dependency with `cargo update -p flutter_rust_bridge_macros`
     = note: see <https://doc.rust-lang.org/nightly/rustc/check-cfg/cargo-specifics.html> for more information about checking conditional configuration
     = note: this warning originates in the attribute macro `frb` (in Nightly builds, run with -Z macro-backtrace for more info)

warning: unexpected `cfg` condition name: `frb_expand`
    --> crates/flutter_bridge/src/bridge.rs:1682:1
     |
1682 | #[frb]
     | ^^^^^^
     |
     = note: using a cfg inside a attribute macro will use the cfgs from the destination crate and not the ones from the defining crate
     = help: try referring to `frb` crate for guidance on how handle this unexpected cfg
     = help: the attribute macro `frb` may come from an old version of the `flutter_rust_bridge_macros` crate, try updating your dependency with `cargo update -p flutter_rust_bridge_macros`
     = note: see <https://doc.rust-lang.org/nightly/rustc/check-cfg/cargo-specifics.html> for more information about checking conditional configuration
     = note: this warning originates in the attribute macro `frb` (in Nightly builds, run with -Z macro-backtrace for more info)

warning: unexpected `cfg` condition name: `frb_expand`
    --> crates/flutter_bridge/src/bridge.rs:1688:1
     |
1688 | #[frb]
     | ^^^^^^
     |
     = note: using a cfg inside a attribute macro will use the cfgs from the destination crate and not the ones from the defining crate
     = help: try referring to `frb` crate for guidance on how handle this unexpected cfg
     = help: the attribute macro `frb` may come from an old version of the `flutter_rust_bridge_macros` crate, try updating your dependency with `cargo update -p flutter_rust_bridge_macros`
     = note: see <https://doc.rust-lang.org/nightly/rustc/check-cfg/cargo-specifics.html> for more information about checking conditional configuration
     = note: this warning originates in the attribute macro `frb` (in Nightly builds, run with -Z macro-backtrace for more info)

warning: unexpected `cfg` condition name: `frb_expand`
    --> crates/flutter_bridge/src/bridge.rs:1694:1
     |
1694 | #[frb]
     | ^^^^^^
     |
     = note: using a cfg inside a attribute macro will use the cfgs from the destination crate and not the ones from the defining crate
     = help: try referring to `frb` crate for guidance on how handle this unexpected cfg
     = help: the attribute macro `frb` may come from an old version of the `flutter_rust_bridge_macros` crate, try updating your dependency with `cargo update -p flutter_rust_bridge_macros`
     = note: see <https://doc.rust-lang.org/nightly/rustc/check-cfg/cargo-specifics.html> for more information about checking conditional configuration
     = note: this warning originates in the attribute macro `frb` (in Nightly builds, run with -Z macro-backtrace for more info)

warning: unexpected `cfg` condition name: `frb_expand`
    --> crates/flutter_bridge/src/bridge.rs:1701:1
     |
1701 | #[frb]
     | ^^^^^^
     |
     = note: using a cfg inside a attribute macro will use the cfgs from the destination crate and not the ones from the defining crate
     = help: try referring to `frb` crate for guidance on how handle this unexpected cfg
     = help: the attribute macro `frb` may come from an old version of the `flutter_rust_bridge_macros` crate, try updating your dependency with `cargo update -p flutter_rust_bridge_macros`
     = note: see <https://doc.rust-lang.org/nightly/rustc/check-cfg/cargo-specifics.html> for more information about checking conditional configuration
     = note: this warning originates in the attribute macro `frb` (in Nightly builds, run with -Z macro-backtrace for more info)

warning: unexpected `cfg` condition name: `frb_expand`
    --> crates/flutter_bridge/src/bridge.rs:1707:1
     |
1707 | #[frb]
     | ^^^^^^
     |
     = note: using a cfg inside a attribute macro will use the cfgs from the destination crate and not the ones from the defining crate
     = help: try referring to `frb` crate for guidance on how handle this unexpected cfg
     = help: the attribute macro `frb` may come from an old version of the `flutter_rust_bridge_macros` crate, try updating your dependency with `cargo update -p flutter_rust_bridge_macros`
     = note: see <https://doc.rust-lang.org/nightly/rustc/check-cfg/cargo-specifics.html> for more information about checking conditional configuration
     = note: this warning originates in the attribute macro `frb` (in Nightly builds, run with -Z macro-backtrace for more info)

warning: unexpected `cfg` condition name: `frb_expand`
    --> crates/flutter_bridge/src/bridge.rs:1714:1
     |
1714 | #[frb]
     | ^^^^^^
     |
     = note: using a cfg inside a attribute macro will use the cfgs from the destination crate and not the ones from the defining crate
     = help: try referring to `frb` crate for guidance on how handle this unexpected cfg
     = help: the attribute macro `frb` may come from an old version of the `flutter_rust_bridge_macros` crate, try updating your dependency with `cargo update -p flutter_rust_bridge_macros`
     = note: see <https://doc.rust-lang.org/nightly/rustc/check-cfg/cargo-specifics.html> for more information about checking conditional configuration
     = note: this warning originates in the attribute macro `frb` (in Nightly builds, run with -Z macro-backtrace for more info)

warning: unexpected `cfg` condition name: `frb_expand`
    --> crates/flutter_bridge/src/bridge.rs:1721:1
     |
1721 | #[frb]
     | ^^^^^^
     |
     = note: using a cfg inside a attribute macro will use the cfgs from the destination crate and not the ones from the defining crate
     = help: try referring to `frb` crate for guidance on how handle this unexpected cfg
     = help: the attribute macro `frb` may come from an old version of the `flutter_rust_bridge_macros` crate, try updating your dependency with `cargo update -p flutter_rust_bridge_macros`
     = note: see <https://doc.rust-lang.org/nightly/rustc/check-cfg/cargo-specifics.html> for more information about checking conditional configuration
     = note: this warning originates in the attribute macro `frb` (in Nightly builds, run with -Z macro-backtrace for more info)

warning: unexpected `cfg` condition name: `frb_expand`
    --> crates/flutter_bridge/src/bridge.rs:1728:1
     |
1728 | #[frb]
     | ^^^^^^
     |
     = note: using a cfg inside a attribute macro will use the cfgs from the destination crate and not the ones from the defining crate
     = help: try referring to `frb` crate for guidance on how handle this unexpected cfg
     = help: the attribute macro `frb` may come from an old version of the `flutter_rust_bridge_macros` crate, try updating your dependency with `cargo update -p flutter_rust_bridge_macros`
     = note: see <https://doc.rust-lang.org/nightly/rustc/check-cfg/cargo-specifics.html> for more information about checking conditional configuration
     = note: this warning originates in the attribute macro `frb` (in Nightly builds, run with -Z macro-backtrace for more info)

warning: unexpected `cfg` condition name: `frb_expand`
    --> crates/flutter_bridge/src/bridge.rs:1757:1
     |
1757 | #[frb]
     | ^^^^^^
     |
     = note: using a cfg inside a attribute macro will use the cfgs from the destination crate and not the ones from the defining crate
     = help: try referring to `frb` crate for guidance on how handle this unexpected cfg
     = help: the attribute macro `frb` may come from an old version of the `flutter_rust_bridge_macros` crate, try updating your dependency with `cargo update -p flutter_rust_bridge_macros`
     = note: see <https://doc.rust-lang.org/nightly/rustc/check-cfg/cargo-specifics.html> for more information about checking conditional configuration
     = note: this warning originates in the attribute macro `frb` (in Nightly builds, run with -Z macro-backtrace for more info)

warning: unexpected `cfg` condition name: `frb_expand`
    --> crates/flutter_bridge/src/bridge.rs:1830:1
     |
1830 | #[frb]
     | ^^^^^^
     |
     = note: using a cfg inside a attribute macro will use the cfgs from the destination crate and not the ones from the defining crate
     = help: try referring to `frb` crate for guidance on how handle this unexpected cfg
     = help: the attribute macro `frb` may come from an old version of the `flutter_rust_bridge_macros` crate, try updating your dependency with `cargo update -p flutter_rust_bridge_macros`
     = note: see <https://doc.rust-lang.org/nightly/rustc/check-cfg/cargo-specifics.html> for more information about checking conditional configuration
     = note: this warning originates in the attribute macro `frb` (in Nightly builds, run with -Z macro-backtrace for more info)

warning: unexpected `cfg` condition name: `frb_expand`
    --> crates/flutter_bridge/src/bridge.rs:1858:1
     |
1858 | #[frb]
     | ^^^^^^
     |
     = note: using a cfg inside a attribute macro will use the cfgs from the destination crate and not the ones from the defining crate
     = help: try referring to `frb` crate for guidance on how handle this unexpected cfg
     = help: the attribute macro `frb` may come from an old version of the `flutter_rust_bridge_macros` crate, try updating your dependency with `cargo update -p flutter_rust_bridge_macros`
     = note: see <https://doc.rust-lang.org/nightly/rustc/check-cfg/cargo-specifics.html> for more information about checking conditional configuration
     = note: this warning originates in the attribute macro `frb` (in Nightly builds, run with -Z macro-backtrace for more info)

warning: unexpected `cfg` condition name: `frb_expand`
    --> crates/flutter_bridge/src/bridge.rs:1887:1
     |
1887 | #[frb]
     | ^^^^^^
     |
     = note: using a cfg inside a attribute macro will use the cfgs from the destination crate and not the ones from the defining crate
     = help: try referring to `frb` crate for guidance on how handle this unexpected cfg
     = help: the attribute macro `frb` may come from an old version of the `flutter_rust_bridge_macros` crate, try updating your dependency with `cargo update -p flutter_rust_bridge_macros`
     = note: see <https://doc.rust-lang.org/nightly/rustc/check-cfg/cargo-specifics.html> for more information about checking conditional configuration
     = note: this warning originates in the attribute macro `frb` (in Nightly builds, run with -Z macro-backtrace for more info)

warning: unexpected `cfg` condition name: `frb_expand`
    --> crates/flutter_bridge/src/bridge.rs:1912:1
     |
1912 | #[frb]
     | ^^^^^^
     |
     = note: using a cfg inside a attribute macro will use the cfgs from the destination crate and not the ones from the defining crate
     = help: try referring to `frb` crate for guidance on how handle this unexpected cfg
     = help: the attribute macro `frb` may come from an old version of the `flutter_rust_bridge_macros` crate, try updating your dependency with `cargo update -p flutter_rust_bridge_macros`
     = note: see <https://doc.rust-lang.org/nightly/rustc/check-cfg/cargo-specifics.html> for more information about checking conditional configuration
     = note: this warning originates in the attribute macro `frb` (in Nightly builds, run with -Z macro-backtrace for more info)

warning: unexpected `cfg` condition name: `frb_expand`
    --> crates/flutter_bridge/src/bridge.rs:1918:1
     |
1918 | #[frb]
     | ^^^^^^
     |
     = note: using a cfg inside a attribute macro will use the cfgs from the destination crate and not the ones from the defining crate
     = help: try referring to `frb` crate for guidance on how handle this unexpected cfg
     = help: the attribute macro `frb` may come from an old version of the `flutter_rust_bridge_macros` crate, try updating your dependency with `cargo update -p flutter_rust_bridge_macros`
     = note: see <https://doc.rust-lang.org/nightly/rustc/check-cfg/cargo-specifics.html> for more information about checking conditional configuration
     = note: this warning originates in the attribute macro `frb` (in Nightly builds, run with -Z macro-backtrace for more info)

warning: unexpected `cfg` condition name: `frb_expand`
    --> crates/flutter_bridge/src/bridge.rs:1930:1
     |
1930 | #[frb]
     | ^^^^^^
     |
     = note: using a cfg inside a attribute macro will use the cfgs from the destination crate and not the ones from the defining crate
     = help: try referring to `frb` crate for guidance on how handle this unexpected cfg
     = help: the attribute macro `frb` may come from an old version of the `flutter_rust_bridge_macros` crate, try updating your dependency with `cargo update -p flutter_rust_bridge_macros`
     = note: see <https://doc.rust-lang.org/nightly/rustc/check-cfg/cargo-specifics.html> for more information about checking conditional configuration
     = note: this warning originates in the attribute macro `frb` (in Nightly builds, run with -Z macro-backtrace for more info)

warning: unexpected `cfg` condition name: `frb_expand`
    --> crates/flutter_bridge/src/bridge.rs:2060:1
     |
2060 | #[frb]
     | ^^^^^^
     |
     = note: using a cfg inside a attribute macro will use the cfgs from the destination crate and not the ones from the defining crate
     = help: try referring to `frb` crate for guidance on how handle this unexpected cfg
     = help: the attribute macro `frb` may come from an old version of the `flutter_rust_bridge_macros` crate, try updating your dependency with `cargo update -p flutter_rust_bridge_macros`
     = note: see <https://doc.rust-lang.org/nightly/rustc/check-cfg/cargo-specifics.html> for more information about checking conditional configuration
     = note: this warning originates in the attribute macro `frb` (in Nightly builds, run with -Z macro-backtrace for more info)

warning: unexpected `cfg` condition name: `frb_expand`
    --> crates/flutter_bridge/src/bridge.rs:2121:1
     |
2121 | #[frb]
     | ^^^^^^
     |
     = note: using a cfg inside a attribute macro will use the cfgs from the destination crate and not the ones from the defining crate
     = help: try referring to `frb` crate for guidance on how handle this unexpected cfg
     = help: the attribute macro `frb` may come from an old version of the `flutter_rust_bridge_macros` crate, try updating your dependency with `cargo update -p flutter_rust_bridge_macros`
     = note: see <https://doc.rust-lang.org/nightly/rustc/check-cfg/cargo-specifics.html> for more information about checking conditional configuration
     = note: this warning originates in the attribute macro `frb` (in Nightly builds, run with -Z macro-backtrace for more info)

warning: unexpected `cfg` condition name: `frb_expand`
    --> crates/flutter_bridge/src/bridge.rs:2175:1
     |
2175 | #[frb]
     | ^^^^^^
     |
     = note: using a cfg inside a attribute macro will use the cfgs from the destination crate and not the ones from the defining crate
     = help: try referring to `frb` crate for guidance on how handle this unexpected cfg
     = help: the attribute macro `frb` may come from an old version of the `flutter_rust_bridge_macros` crate, try updating your dependency with `cargo update -p flutter_rust_bridge_macros`
     = note: see <https://doc.rust-lang.org/nightly/rustc/check-cfg/cargo-specifics.html> for more information about checking conditional configuration
     = note: this warning originates in the attribute macro `frb` (in Nightly builds, run with -Z macro-backtrace for more info)

warning: unexpected `cfg` condition name: `frb_expand`
    --> crates/flutter_bridge/src/bridge.rs:2220:1
     |
2220 | #[frb]
     | ^^^^^^
     |
     = note: using a cfg inside a attribute macro will use the cfgs from the destination crate and not the ones from the defining crate
     = help: try referring to `frb` crate for guidance on how handle this unexpected cfg
     = help: the attribute macro `frb` may come from an old version of the `flutter_rust_bridge_macros` crate, try updating your dependency with `cargo update -p flutter_rust_bridge_macros`
     = note: see <https://doc.rust-lang.org/nightly/rustc/check-cfg/cargo-specifics.html> for more information about checking conditional configuration
     = note: this warning originates in the attribute macro `frb` (in Nightly builds, run with -Z macro-backtrace for more info)

warning: unexpected `cfg` condition name: `frb_expand`
    --> crates/flutter_bridge/src/bridge.rs:2253:1
     |
2253 | #[frb]
     | ^^^^^^
     |
     = note: using a cfg inside a attribute macro will use the cfgs from the destination crate and not the ones from the defining crate
     = help: try referring to `frb` crate for guidance on how handle this unexpected cfg
     = help: the attribute macro `frb` may come from an old version of the `flutter_rust_bridge_macros` crate, try updating your dependency with `cargo update -p flutter_rust_bridge_macros`
     = note: see <https://doc.rust-lang.org/nightly/rustc/check-cfg/cargo-specifics.html> for more information about checking conditional configuration
     = note: this warning originates in the attribute macro `frb` (in Nightly builds, run with -Z macro-backtrace for more info)

warning: unexpected `cfg` condition name: `frb_expand`
    --> crates/flutter_bridge/src/bridge.rs:2284:1
     |
2284 | #[frb]
     | ^^^^^^
     |
     = note: using a cfg inside a attribute macro will use the cfgs from the destination crate and not the ones from the defining crate
     = help: try referring to `frb` crate for guidance on how handle this unexpected cfg
     = help: the attribute macro `frb` may come from an old version of the `flutter_rust_bridge_macros` crate, try updating your dependency with `cargo update -p flutter_rust_bridge_macros`
     = note: see <https://doc.rust-lang.org/nightly/rustc/check-cfg/cargo-specifics.html> for more information about checking conditional configuration
     = note: this warning originates in the attribute macro `frb` (in Nightly builds, run with -Z macro-backtrace for more info)

warning: unexpected `cfg` condition name: `frb_expand`
    --> crates/flutter_bridge/src/bridge.rs:2327:1
     |
2327 | #[frb]
     | ^^^^^^
     |
     = note: using a cfg inside a attribute macro will use the cfgs from the destination crate and not the ones from the defining crate
     = help: try referring to `frb` crate for guidance on how handle this unexpected cfg
     = help: the attribute macro `frb` may come from an old version of the `flutter_rust_bridge_macros` crate, try updating your dependency with `cargo update -p flutter_rust_bridge_macros`
     = note: see <https://doc.rust-lang.org/nightly/rustc/check-cfg/cargo-specifics.html> for more information about checking conditional configuration
     = note: this warning originates in the attribute macro `frb` (in Nightly builds, run with -Z macro-backtrace for more info)

warning: unexpected `cfg` condition name: `frb_expand`
    --> crates/flutter_bridge/src/bridge.rs:2360:1
     |
2360 | #[frb]
     | ^^^^^^
     |
     = note: using a cfg inside a attribute macro will use the cfgs from the destination crate and not the ones from the defining crate
     = help: try referring to `frb` crate for guidance on how handle this unexpected cfg
     = help: the attribute macro `frb` may come from an old version of the `flutter_rust_bridge_macros` crate, try updating your dependency with `cargo update -p flutter_rust_bridge_macros`
     = note: see <https://doc.rust-lang.org/nightly/rustc/check-cfg/cargo-specifics.html> for more information about checking conditional configuration
     = note: this warning originates in the attribute macro `frb` (in Nightly builds, run with -Z macro-backtrace for more info)

warning: unexpected `cfg` condition name: `frb_expand`
    --> crates/flutter_bridge/src/bridge.rs:2390:1
     |
2390 | #[frb]
     | ^^^^^^
     |
     = note: using a cfg inside a attribute macro will use the cfgs from the destination crate and not the ones from the defining crate
     = help: try referring to `frb` crate for guidance on how handle this unexpected cfg
     = help: the attribute macro `frb` may come from an old version of the `flutter_rust_bridge_macros` crate, try updating your dependency with `cargo update -p flutter_rust_bridge_macros`
     = note: see <https://doc.rust-lang.org/nightly/rustc/check-cfg/cargo-specifics.html> for more information about checking conditional configuration
     = note: this warning originates in the attribute macro `frb` (in Nightly builds, run with -Z macro-backtrace for more info)

warning: unexpected `cfg` condition name: `frb_expand`
    --> crates/flutter_bridge/src/bridge.rs:2443:1
     |
2443 | #[frb]
     | ^^^^^^
     |
     = note: using a cfg inside a attribute macro will use the cfgs from the destination crate and not the ones from the defining crate
     = help: try referring to `frb` crate for guidance on how handle this unexpected cfg
     = help: the attribute macro `frb` may come from an old version of the `flutter_rust_bridge_macros` crate, try updating your dependency with `cargo update -p flutter_rust_bridge_macros`
     = note: see <https://doc.rust-lang.org/nightly/rustc/check-cfg/cargo-specifics.html> for more information about checking conditional configuration
     = note: this warning originates in the attribute macro `frb` (in Nightly builds, run with -Z macro-backtrace for more info)

warning: unexpected `cfg` condition name: `frb_expand`
  --> crates/flutter_bridge/src/mpc.rs:37:1
   |
37 | #[frb]
   | ^^^^^^
   |
   = note: using a cfg inside a attribute macro will use the cfgs from the destination crate and not the ones from the defining crate
   = help: try referring to `frb` crate for guidance on how handle this unexpected cfg
   = help: the attribute macro `frb` may come from an old version of the `flutter_rust_bridge_macros` crate, try updating your dependency with `cargo update -p flutter_rust_bridge_macros`
   = note: see <https://doc.rust-lang.org/nightly/rustc/check-cfg/cargo-specifics.html> for more information about checking conditional configuration
   = note: this warning originates in the attribute macro `frb` (in Nightly builds, run with -Z macro-backtrace for more info)

warning: unexpected `cfg` condition name: `frb_expand`
  --> crates/flutter_bridge/src/mpc.rs:59:1
   |
59 | #[frb]
   | ^^^^^^
   |
   = note: using a cfg inside a attribute macro will use the cfgs from the destination crate and not the ones from the defining crate
   = help: try referring to `frb` crate for guidance on how handle this unexpected cfg
   = help: the attribute macro `frb` may come from an old version of the `flutter_rust_bridge_macros` crate, try updating your dependency with `cargo update -p flutter_rust_bridge_macros`
   = note: see <https://doc.rust-lang.org/nightly/rustc/check-cfg/cargo-specifics.html> for more information about checking conditional configuration
   = note: this warning originates in the attribute macro `frb` (in Nightly builds, run with -Z macro-backtrace for more info)

warning: unexpected `cfg` condition name: `frb_expand`
  --> crates/flutter_bridge/src/mpc.rs:78:1
   |
78 | #[frb]
   | ^^^^^^
   |
   = note: using a cfg inside a attribute macro will use the cfgs from the destination crate and not the ones from the defining crate
   = help: try referring to `frb` crate for guidance on how handle this unexpected cfg
   = help: the attribute macro `frb` may come from an old version of the `flutter_rust_bridge_macros` crate, try updating your dependency with `cargo update -p flutter_rust_bridge_macros`
   = note: see <https://doc.rust-lang.org/nightly/rustc/check-cfg/cargo-specifics.html> for more information about checking conditional configuration
   = note: this warning originates in the attribute macro `frb` (in Nightly builds, run with -Z macro-backtrace for more info)

warning: unexpected `cfg` condition name: `frb_expand`
   --> crates/flutter_bridge/src/mpc.rs:115:1
    |
115 | #[frb]
    | ^^^^^^
    |
    = note: using a cfg inside a attribute macro will use the cfgs from the destination crate and not the ones from the defining crate
    = help: try referring to `frb` crate for guidance on how handle this unexpected cfg
    = help: the attribute macro `frb` may come from an old version of the `flutter_rust_bridge_macros` crate, try updating your dependency with `cargo update -p flutter_rust_bridge_macros`
    = note: see <https://doc.rust-lang.org/nightly/rustc/check-cfg/cargo-specifics.html> for more information about checking conditional configuration
    = note: this warning originates in the attribute macro `frb` (in Nightly builds, run with -Z macro-backtrace for more info)

warning: unexpected `cfg` condition name: `frb_expand`
   --> crates/flutter_bridge/src/mpc.rs:134:1
    |
134 | #[frb]
    | ^^^^^^
    |
    = note: using a cfg inside a attribute macro will use the cfgs from the destination crate and not the ones from the defining crate
    = help: try referring to `frb` crate for guidance on how handle this unexpected cfg
    = help: the attribute macro `frb` may come from an old version of the `flutter_rust_bridge_macros` crate, try updating your dependency with `cargo update -p flutter_rust_bridge_macros`
    = note: see <https://doc.rust-lang.org/nightly/rustc/check-cfg/cargo-specifics.html> for more information about checking conditional configuration
    = note: this warning originates in the attribute macro `frb` (in Nightly builds, run with -Z macro-backtrace for more info)

warning: unexpected `cfg` condition name: `frb_expand`
   --> crates/flutter_bridge/src/mpc.rs:260:1
    |
260 | #[frb]
    | ^^^^^^
    |
    = note: using a cfg inside a attribute macro will use the cfgs from the destination crate and not the ones from the defining crate
    = help: try referring to `frb` crate for guidance on how handle this unexpected cfg
    = help: the attribute macro `frb` may come from an old version of the `flutter_rust_bridge_macros` crate, try updating your dependency with `cargo update -p flutter_rust_bridge_macros`
    = note: see <https://doc.rust-lang.org/nightly/rustc/check-cfg/cargo-specifics.html> for more information about checking conditional configuration
    = note: this warning originates in the attribute macro `frb` (in Nightly builds, run with -Z macro-backtrace for more info)

warning: unexpected `cfg` condition name: `frb_expand`
   --> crates/flutter_bridge/src/mpc.rs:277:1
    |
277 | #[frb]
    | ^^^^^^
    |
    = note: using a cfg inside a attribute macro will use the cfgs from the destination crate and not the ones from the defining crate
    = help: try referring to `frb` crate for guidance on how handle this unexpected cfg
    = help: the attribute macro `frb` may come from an old version of the `flutter_rust_bridge_macros` crate, try updating your dependency with `cargo update -p flutter_rust_bridge_macros`
    = note: see <https://doc.rust-lang.org/nightly/rustc/check-cfg/cargo-specifics.html> for more information about checking conditional configuration
    = note: this warning originates in the attribute macro `frb` (in Nightly builds, run with -Z macro-backtrace for more info)

warning: unexpected `cfg` condition name: `frb_expand`
   --> crates/flutter_bridge/src/mpc.rs:388:1
    |
388 | #[frb]
    | ^^^^^^
    |
    = note: using a cfg inside a attribute macro will use the cfgs from the destination crate and not the ones from the defining crate
    = help: try referring to `frb` crate for guidance on how handle this unexpected cfg
    = help: the attribute macro `frb` may come from an old version of the `flutter_rust_bridge_macros` crate, try updating your dependency with `cargo update -p flutter_rust_bridge_macros`
    = note: see <https://doc.rust-lang.org/nightly/rustc/check-cfg/cargo-specifics.html> for more information about checking conditional configuration
    = note: this warning originates in the attribute macro `frb` (in Nightly builds, run with -Z macro-backtrace for more info)

warning: unexpected `cfg` condition name: `frb_expand`
   --> crates/flutter_bridge/src/mpc.rs:403:1
    |
403 | #[frb]
    | ^^^^^^
    |
    = note: using a cfg inside a attribute macro will use the cfgs from the destination crate and not the ones from the defining crate
    = help: try referring to `frb` crate for guidance on how handle this unexpected cfg
    = help: the attribute macro `frb` may come from an old version of the `flutter_rust_bridge_macros` crate, try updating your dependency with `cargo update -p flutter_rust_bridge_macros`
    = note: see <https://doc.rust-lang.org/nightly/rustc/check-cfg/cargo-specifics.html> for more information about checking conditional configuration
    = note: this warning originates in the attribute macro `frb` (in Nightly builds, run with -Z macro-backtrace for more info)

warning: unused import: `encode_uint64`
  --> crates/flutter_bridge/src/bridge.rs:24:56
   |
24 |     encode_address, encode_bytes32, encode_u256_bytes, encode_uint64, sign_typed_data,
   |                                                        ^^^^^^^^^^^^^
   |
   = note: `#[warn(unused_imports)]` (part of `#[warn(unused)]`) on by default

warning: `khodpay-flutter-bridge` (lib) generated 88 warnings (run `cargo fix --lib -p khodpay-flutter-bridge` to apply 1 suggestion)
    Finished `release` profile [optimized] target(s) in 5m 01s
